[2026-09-16T17:18:13.015Z][INFO] Command-line: 'C:\\Program Files\\Unity\\Hub\\Editor\\6000.5.1f1\\Editor\\Data\\Resources\\PackageManager\\Server\\UnityPackageManager.exe' server -s 3300 --ipc-path Unity-Upm-3300 -l 2 --log-file 'C:\\games\\Hush or die\\Zombie-Rush/Logs/upm.log'
[2026-09-16T17:18:13.112Z][INFO] IPC server started (IPC path=Unity-Upm-3300).
[2026-09-16T17:18:13.112Z][INFO] Hint: To connect to this UPM instance, launch Unity with the command-line parameter -upmIpcPath Upm-3300.
[2026-09-16T17:18:21.437Z][INFO] project:list-packages <-- Request received
params: {}
[2026-09-16T17:18:21.443Z][INFO] project:list-packages --> 404 (6 ms)
[2026-09-16T17:18:21.706Z][INFO] config:project:get-registries <-- Request received
params: {}
[2026-09-16T17:18:21.707Z][INFO] config:project:get-registries --> 404 (1 ms)
[2026-09-16T17:18:21.748Z][INFO] project:list-packages <-- Request received
params: {}
[2026-09-16T17:18:21.750Z][INFO] project:list-packages --> 404 (2 ms)
[2026-09-16T17:18:21.917Z][INFO] project:update-dependencies <-- Request received
params: {}
[2026-09-16T17:18:21.960Z][INFO] project:update-dependencies --> 200 (43 ms)
[2026-09-16T17:18:21.981Z][INFO] project:resolve-packages <-- Request received
params: {}
[2026-09-16T17:18:23.321Z][INFO] Downloading package [com.unity.package-manager.metadata-6000.5@0.0.98] from registry 'https://packages.unity.com'
[2026-09-16T17:18:25.133Z][INFO] Finished downloading package [com.unity.package-manager.metadata-6000.5@0.0.98] from registry 'https://packages.unity.com' (size: 11.4 kB, time: 1.7s)
[2026-09-16T17:18:26.349Z][INFO] project:resolve-packages --> 200 (4368 ms)
[2026-09-16T17:18:36.953Z][INFO] project:list-packages <-- Request received
params: {}
[2026-09-16T17:18:37.014Z][INFO] project:list-packages <-- Request received
params: {}
[2026-09-16T17:18:37.146Z][INFO] project:list-packages --> 200 (193 ms)
[2026-09-16T17:18:37.233Z][INFO] config:project:get-registries <-- Request received
params: {}
[2026-09-16T17:18:37.254Z][INFO] config:project:get-registries --> 200 (21 ms)
[2026-09-16T17:18:37.257Z][INFO] project:list-packages --> 200 (242 ms)
[2026-09-16T17:18:44.041Z][INFO] project:list-packages <-- Request received
params: {}
[2026-09-16T17:18:44.195Z][INFO] project:list-packages --> 200 (154 ms)
[2026-09-16T17:18:47.594Z][INFO] packages:get-all-packageinfo <-- Request received
params: {}
[2026-09-16T17:18:47.612Z][INFO] packages:get-all-packageinfo <-- Request received
params: {}
[2026-09-16T17:18:49.483Z][INFO] packages:get-all-packageinfo --> 200 (1871 ms)
[2026-09-16T17:18:49.856Z][INFO] packages:get-packageinfo <-- Request received
params: {
  "packageId": "com.unity.addressables@2.9.1"
}
[2026-09-16T17:18:49.857Z][INFO] packages:get-packageinfo <-- Request received
params: {
  "packageId": "com.unity.ads.ios-support@1.0.1"
}
[2026-09-16T17:18:49.858Z][INFO] packages:get-packageinfo <-- Request received
params: {
  "packageId": "com.unity.collab-proxy@2.12.4"
}
[2026-09-16T17:18:49.859Z][INFO] packages:get-packageinfo <-- Request received
params: {
  "packageId": "com.unity.inputsystem@1.19.0"
}
[2026-09-16T17:18:49.860Z][INFO] packages:get-packageinfo <-- Request received
params: {
  "packageId": "com.unity.learn.iet-framework@5.0.4"
}
[2026-09-16T17:18:49.861Z][INFO] packages:get-packageinfo <-- Request received
params: {
  "packageId": "com.unity.learn.iet-framework.authoring@1.5.4"
}
[2026-09-16T17:18:49.861Z][INFO] packages:get-packageinfo <-- Request received
params: {
  "packageId": "com.unity.microsoft.gdk@1.6.0"
}
[2026-09-16T17:18:49.972Z][INFO] packages:get-packageinfo <-- Request received
params: {
  "packageId": "com.unity.microsoft.gdk.tools@1.6.0"
}
[2026-09-16T17:18:49.973Z][INFO] packages:get-packageinfo <-- Request received
params: {
  "packageId": "com.unity.polyspatial.extensions@3.1.5"
}
[2026-09-16T17:18:49.974Z][INFO] packages:get-packageinfo <-- Request received
params: {
  "packageId": "com.unity.polyspatial.visionos@3.1.5"
}
[2026-09-16T17:18:49.974Z][INFO] packages:get-packageinfo <-- Request received
params: {
  "packageId": "com.unity.probuilder@6.0.9"
}
[2026-09-16T17:18:49.975Z][INFO] packages:get-packageinfo <-- Request received
params: {
  "packageId": "com.unity.project-auditor-rules@1.0.3"
}
[2026-09-16T17:18:49.975Z][INFO] packages:get-packageinfo <-- Request received
params: {
  "packageId": "com.unity.scriptablebuildpipeline@2.6.2"
}
[2026-09-16T17:18:49.977Z][INFO] packages:get-packageinfo <-- Request received
params: {
  "packageId": "com.unity.services.friends@1.1.1"
}
[2026-09-16T17:18:49.978Z][INFO] packages:get-packageinfo <-- Request received
params: {
  "packageId": "com.unity.services.moderation@1.0.2"
}
[2026-09-16T17:18:50.134Z][INFO] packages:get-packageinfo <-- Request received
params: {
  "packageId": "com.unity.services.multiplayer@2.1.3"
}
[2026-09-16T17:18:50.135Z][INFO] packages:get-packageinfo <-- Request received
params: {
  "packageId": "com.unity.xr.androidxr-openxr@1.3.2"
}
[2026-09-16T17:18:50.135Z][INFO] packages:get-packageinfo <-- Request received
params: {
  "packageId": "com.unity.xr.arcore@6.5.1"
}
[2026-09-16T17:18:50.136Z][INFO] packages:get-packageinfo <-- Request received
params: {
  "packageId": "com.unity.xr.arfoundation@6.5.1"
}
[2026-09-16T17:18:50.136Z][INFO] packages:get-packageinfo <-- Request received
params: {
  "packageId": "com.unity.xr.arkit@6.5.1"
}
[2026-09-16T17:18:51.834Z][INFO] packages:get-packageinfo --> 200 (1856 ms)
[2026-09-16T17:18:51.865Z][INFO] packages:get-packageinfo <-- Request received
params: {
  "packageId": "com.unity.xr.compositionlayers@2.4.0"
}
[2026-09-16T17:18:52.308Z][INFO] packages:get-packageinfo --> 200 (2174 ms)
[2026-09-16T17:18:52.364Z][INFO] packages:get-packageinfo <-- Request received
params: {
  "packageId": "com.unity.xr.hands@1.8.1"
}
[2026-09-16T17:18:52.519Z][INFO] packages:get-packageinfo --> 200 (2542 ms)
[2026-09-16T17:18:52.574Z][INFO] packages:get-packageinfo <-- Request received
params: {
  "packageId": "com.unity.xr.interaction.toolkit@3.5.1"
}
[2026-09-16T17:18:52.866Z][INFO] packages:get-packageinfo --> 200 (3009 ms)
[2026-09-16T17:18:52.894Z][INFO] packages:get-packageinfo <-- Request received
params: {
  "packageId": "com.unity.xr.management@4.5.4"
}
[2026-09-16T17:18:53.378Z][INFO] packages:get-packageinfo --> 200 (3522 ms)
[2026-09-16T17:18:53.428Z][INFO] packages:get-packageinfo <-- Request received
params: {
  "packageId": "com.unity.xr.meta-openxr@2.5.1"
}
[2026-09-16T17:18:53.537Z][INFO] packages:get-packageinfo --> 200 (3679 ms)
[2026-09-16T17:18:53.571Z][INFO] packages:get-packageinfo <-- Request received
params: {
  "packageId": "com.unity.xr.openxr@1.17.1"
}
[2026-09-16T17:18:53.708Z][INFO] packages:get-packageinfo --> 200 (3847 ms)
[2026-09-16T17:18:53.722Z][INFO] packages:get-packageinfo --> 200 (3861 ms)
[2026-09-16T17:18:53.771Z][INFO] packages:get-packageinfo <-- Request received
params: {
  "packageId": "com.unity.xr.visionos@3.1.5"
}
[2026-09-16T17:18:53.809Z][INFO] packages:get-packageinfo --> 200 (3949 ms)
[2026-09-16T17:18:53.926Z][INFO] packages:get-packageinfo --> 200 (3953 ms)
[2026-09-16T17:18:53.955Z][INFO] packages:get-packageinfo --> 200 (3983 ms)
[2026-09-16T17:18:54.080Z][INFO] packages:get-packageinfo --> 200 (4221 ms)
[2026-09-16T17:18:54.162Z][INFO] packages:get-packageinfo --> 200 (4189 ms)
[2026-09-16T17:18:54.192Z][INFO] packages:get-packageinfo --> 200 (4217 ms)
[2026-09-16T17:18:54.362Z][INFO] packages:get-packageinfo --> 200 (4387 ms)
[2026-09-16T17:18:54.484Z][INFO] packages:get-packageinfo --> 200 (4509 ms)
[2026-09-16T17:18:54.674Z][INFO] packages:get-packageinfo --> 200 (4539 ms)
[2026-09-16T17:18:54.689Z][INFO] packages:get-packageinfo --> 200 (2325 ms)
[2026-09-16T17:18:54.866Z][INFO] packages:get-packageinfo --> 200 (3001 ms)
[2026-09-16T17:18:54.946Z][INFO] packages:get-packageinfo --> 200 (2052 ms)
[2026-09-16T17:18:54.964Z][INFO] packages:get-packageinfo --> 200 (4829 ms)
[2026-09-16T17:18:55.004Z][INFO] packages:get-packageinfo --> 200 (4868 ms)
[2026-09-16T17:18:55.105Z][INFO] packages:get-packageinfo --> 200 (4969 ms)
[2026-09-16T17:18:55.166Z][INFO] packages:get-all-packageinfo --> 200 (7572 ms)
[2026-09-16T17:18:55.172Z][INFO] packages:get-packageinfo --> 200 (2598 ms)
[2026-09-16T17:18:55.397Z][INFO] packages:get-packageinfo <-- Request received
params: {
  "packageId": "com.unity.ide.rider@3.0.40"
}
[2026-09-16T17:18:55.414Z][INFO] packages:get-packageinfo <-- Request received
params: {
  "packageId": "com.unity.services.authentication@3.7.4"
}
[2026-09-16T17:18:55.654Z][INFO] packages:get-packageinfo --> 200 (240 ms)
[2026-09-16T17:18:55.659Z][INFO] packages:get-packageinfo --> 200 (2088 ms)
[2026-09-16T17:18:55.661Z][INFO] packages:get-packageinfo --> 200 (264 ms)
[2026-09-16T17:18:55.662Z][INFO] packages:get-packageinfo --> 200 (1891 ms)
[2026-09-16T17:18:55.663Z][INFO] packages:get-packageinfo --> 200 (2235 ms)
